
Allocating common symbols
Common symbol       size              file

process             0x8               tasks.o
task1_kstack        0x7d0             tasks.o
pos                 0x8               console.o
task3_ustack        0x7d0             tasks.o
task1_esp           0x4               tasks.o
task2_kstack        0x7d0             tasks.o
task3_kstack        0x7d0             tasks.o
task                0x4               tasks.o
task1_ustack        0x7d0             tasks.o
task2_esp           0x4               tasks.o
task3_esp           0x4               tasks.o
task2_ustack        0x7d0             tasks.o
procname            0x8               tasks.o

Memory Configuration

Name             Origin             Length             Attributes
*default*        0x00000000         0xffffffff

Linker script and memory map

LOAD ../../i386/libosdk-i386
LOAD main.o
LOAD console.o
LOAD grub.o
LOAD string.o
LOAD tasks.o
                0x00100000                . = 0x100000

.text           0x00100000     0x2293
 *(.text)
 .text          0x00100000     0x1381 ../../i386/libosdk-i386
                0x0010131a                osdk_get_cs
                0x00101320                osdk_get_cr0
                0x001012d8                osdk_timerhz
                0x0010137f                osdk_getxy
                0x0010130a                osdk_get_ss
                0x00101310                osdk_get_eflags
                0x001012fe                osdk_get_tss_ss0
                0x00101353                osdk_getch
                0x0010133c                osdk_out
                0x0010006b                osdk_unlock
                0x00101380                osdk_reboot
                0x00101356                osdk_putchar
                0x00101326                osdk_get_cr4
                0x00101248                osdk_create_task
                0x00100069                osdk_lock
                0x00101313                osdk_set_tr
                0x0010132c                osdk_in
                0x00100000                start
                0x00101304                osdk_get_tss_esp0
                0x0010130d                osdk_get_esp
                0x0010137e                osdk_setxy
 *fill*         0x00101381        0x3 00
 .text          0x00101384      0x62d main.o
                0x0010196a                kprintcounter
                0x001018e0                schedular
                0x00101929                rotate_queue
                0x001018bf                sys_call
                0x001017ba                panic
                0x00101384                main
                0x001017d0                pic_irq
                0x0010146c                interrupt
 *fill*         0x001019b1        0x3 00
 .text          0x001019b4       0xf8 console.o
                0x001019b4                putchar
                0x00101a58                clearscr
 .text          0x00101aac       0xdf grub.o
                0x00101aac                print_multiboot_info
 *fill*         0x00101b8b        0x1 00
 .text          0x00101b8c      0x411 string.o
                0x00101b8c                printf
                0x00101f67                puts
                0x00101e54                itoa
                0x00101f35                hexdigit
                0x00101f8e                abs
 *fill*         0x00101f9d        0x3 00
 .text          0x00101fa0      0x2f3 tasks.o
                0x0010210f                print_2task
                0x00101fa0                task1
                0x00101fb2                task2
                0x00101fd6                print_task
                0x00101fc4                task3

.rodata         0x00103000       0xc4
 *(.rodata)
 .rodata        0x00103000       0x4c main.o
 .rodata        0x0010304c       0x78 string.o

.rel.dyn

.rodata.str1.32
                0x001030e0      0x1ff
 .rodata.str1.32
                0x001030e0      0x1a2 main.o
 *fill*         0x00103282       0x1e 00
 .rodata.str1.32
                0x001032a0       0x1f grub.o
 *fill*         0x001032bf        0x1 00
 .rodata.str1.32
                0x001032c0       0x1f tasks.o

.rodata.str1.1  0x001032df      0x43e
 .rodata.str1.1
                0x001032df      0x1dc main.o
 .rodata.str1.1
                0x001034bb       0xc2 grub.o
                                 0xc4 (size before relaxing)
 .rodata.str1.1
                0x0010357d      0x1a0 tasks.o
                                0x243 (size before relaxing)

.data           0x00104000       0xa0
 *(.data)
 .data          0x00104000       0xa0 console.o
                0x00104020                kbdus
                0x00104000                video

.bss            0x001040a0    0xfcf80
                0x001040a0                _sbss = .
 *(COMMON)
 COMMON         0x001040a0        0x8 console.o
                                  0x0 (size before relaxing)
                0x001040a0                pos
 *fill*         0x001040a8       0x18 00
 COMMON         0x001040c0     0x2f58 tasks.o
                                  0x0 (size before relaxing)
                0x001040c0                process
                0x001040e0                task1_kstack
                0x001048c0                task3_ustack
                0x00105090                task1_esp
                0x001050a0                task2_kstack
                0x00105880                task3_kstack
                0x00106050                task
                0x00106060                task1_ustack
                0x00106830                task2_esp
                0x00106834                task3_esp
                0x00106840                task2_ustack
                0x00107010                procname
 *(.bss)
 .bss           0x00107018    0xfa000 ../../i386/libosdk-i386
 .bss           0x00201018        0x8 main.o
                0x00201018                timer
                0x0020101c                seconds
                0x00201020                _ebss = .
OUTPUT(kernel elf32-i386)

.comment        0x00000000       0x79
 .comment       0x00000000       0x1f ../../i386/libosdk-i386
 .comment       0x0000001f       0x12 main.o
 .comment       0x00000031       0x12 console.o
 .comment       0x00000043       0x12 grub.o
 .comment       0x00000055       0x12 string.o
 .comment       0x00000067       0x12 tasks.o
